
> backend@1.0.0 test
> jest --detectOpenHandles

[0mPOST /api/sweets/3/purchase [32m200[0m 19.755 ms - 182[0m
[0mPOST /api/sweets/3/restock [32m200[0m 8.440 ms - 183[0m
[0mPOST /api/sweets/3/purchase [33m400[0m 4.155 ms - 32[0m
[0mPOST /api/auth/register [32m201[0m 133.307 ms - 269[0m
[0mPOST /api/auth/login [32m200[0m 117.905 ms - 269[0m
[0mPOST /api/auth/register [33m400[0m 2.368 ms - 33[0m
[0mPOST /api/sweets [32m201[0m 7.128 ms - 192[0m
[0mPOST /api/sweets [33m403[0m 3.231 ms - 40[0m
[0mGET /api/sweets [32m200[0m 3.571 ms - 194[0m
[0mGET /api/sweets?q=Fudge [32m200[0m 2.396 ms - 194[0m
